SUMMARY OF C0NVERGENCE INFORMATION
  STEP   INC  ATT   ITER     CONT.   RESID.        CORR.      RESID.      CORR.
                              EL.    FORCE         DISP       FLUX        TEMP.
                              (#)     (%)           (%)        (%)         (%)
     1     1     1     1      317  0.5861E+04  0.1000E+03  0.0000E+00  0.0000E+00
     1     1     1     2      317  0.2122E+01  0.3075E+01  0.0000E+00  0.0000E+00
     1     1     1     3      317  0.1084E-03  0.3678E-02  0.0000E+00  0.0000E+00
     1     2     1     1      317  0.1349E+05  0.9332E+02  0.0000E+00  0.0000E+00
     1     2     1     2      317  0.4977E+04  0.8030E+02  0.0000E+00  0.0000E+00
     1     2     1     3      317  0.1912E+04  0.4766E+02  0.0000E+00  0.0000E+00
     1     2     1     4      317  0.1336E+04  0.2800E+02  0.0000E+00  0.0000E+00
     1     2     1     5      317  0.2320E+03  0.1564E+02  0.0000E+00  0.0000E+00
     1     2     1     6      317  0.3633E+03  0.9708E+01  0.0000E+00  0.0000E+00
     1     2     1     7      317  0.1435E+03  0.6930E+01  0.0000E+00  0.0000E+00
     1     2     1     8      317  0.1340E+03  0.5377E+01  0.0000E+00  0.0000E+00
     1     2     1     9      317  0.5230E+02  0.1702E+01  0.0000E+00  0.0000E+00
     1     2     1    10      317  0.7215E+01  0.1057E+01  0.0000E+00  0.0000E+00
     1     2     1    11      317  0.2634E+01  0.1611E-01  0.0000E+00  0.0000E+00
     1     2     1    12      317  0.7475E+00  0.1502E-01  0.0000E+00  0.0000E+00
     1     3     1     1      317  0.1504E+03  0.1957E+02  0.0000E+00  0.0000E+00
     1     3     1     2      317  0.1480E+03  0.2573E+01  0.0000E+00  0.0000E+00
     1     3     1     3      317  0.4087E+02  0.2950E+01  0.0000E+00  0.0000E+00
     1     3     1     4      317  0.3059E+02  0.3012E+00  0.0000E+00  0.0000E+00
     1     3     1     5      317  0.7453E+01  0.1072E+01  0.0000E+00  0.0000E+00
     1     3     1     6      317  0.8735E+00  0.6800E-02  0.0000E+00  0.0000E+00
     1     3     1     7      317  0.1737E-01  0.5250E-03  0.0000E+00  0.0000E+00
     1     4     1     1      317  0.2233E+03  0.2156E+02  0.0000E+00  0.0000E+00
     1     4     1     2      317  0.2634E+02  0.3324E+01  0.0000E+00  0.0000E+00
     1     4     1     3      317  0.2089E+02  0.8991E-01  0.0000E+00  0.0000E+00
     1     4     1     4      317  0.1741E+01  0.7257E+00  0.0000E+00  0.0000E+00
     1     4     1     5      317  0.1054E+00  0.6036E-01  0.0000E+00  0.0000E+00
     1     5     1     1      317  0.1836E+03  0.2148E+02  0.0000E+00  0.0000E+00
     1     5     1     2      317  0.5699E+01  0.2691E+01  0.0000E+00  0.0000E+00
     1     5     1     3      317  0.2890E+00  0.3232E-01  0.0000E+00  0.0000E+00
     1     6     1     1      317  0.3124E+03  0.2013E+02  0.0000E+00  0.0000E+00
     1     6     1     2      317  0.3781E+02  0.2071E+01  0.0000E+00  0.0000E+00
     1     6     1     3      317  0.1543E+02  0.2194E+00  0.0000E+00  0.0000E+00
     1     6     1     4      317  0.1262E+01  0.5481E+00  0.0000E+00  0.0000E+00
     1     6     1     5      317  0.2589E-02  0.4915E-01  0.0000E+00  0.0000E+00
     1     7     1     1      317  0.7451E+02  0.2420E+02  0.0000E+00  0.0000E+00
     1     7     1     2      317  0.3510E+00  0.3342E+00  0.0000E+00  0.0000E+00
     1     8     1     1      317  0.3065E+03  0.2151E+02  0.0000E+00  0.0000E+00
     1     8     1     2      317  0.1431E+02  0.1868E+01  0.0000E+00  0.0000E+00
     1     8     1     3      317  0.9610E+01  0.8808E-01  0.0000E+00  0.0000E+00
     1     8     1     4      317  0.1500E+01  0.3645E+00  0.0000E+00  0.0000E+00
     1     8     1     5      317  0.2918E-02  0.6847E-01  0.0000E+00  0.0000E+00
