SUMMARY OF C0NVERGENCE INFORMATION
  STEP   INC  ATT   ITER     CONT.   RESID.        CORR.      RESID.      CORR.
                              EL.    FORCE         DISP       FLUX        TEMP.
                              (#)     (%)           (%)        (%)         (%)
     1     1     1     1        0  0.1696E+01  0.1000E+03  0.0000E+00  0.0000E+00
     1     1     1     2        0  0.0000E+00  0.8762E-02  0.0000E+00  0.0000E+00
     1     2     1     1        0  0.0000E+00  0.1753E-01  0.0000E+00  0.0000E+00
     1     2     1     2        0  0.0000E+00  0.3261E-06  0.0000E+00  0.0000E+00
     1     3     1     1        0  0.0000E+00  0.1754E-01  0.0000E+00  0.0000E+00
     1     3     1     2        0  0.0000E+00  0.4906E-06  0.0000E+00  0.0000E+00
     1     4     1     1        0  0.0000E+00  0.1756E-01  0.0000E+00  0.0000E+00
     1     4     1     2        0  0.0000E+00  0.6556E-06  0.0000E+00  0.0000E+00
     2     1     1     1        0  0.9402E+03  0.1000E+03  0.0000E+00  0.0000E+00
     2     1     1     2        0  0.7616E+01  0.2335E+01  0.0000E+00  0.0000E+00
     2     1     1     3        0  0.8077E-03  0.4536E-01  0.0000E+00  0.0000E+00
     2     2     1     1        0  0.6198E+02  0.1925E+02  0.0000E+00  0.0000E+00
     2     2     1     2        0  0.1075E+04  0.6706E+02  0.0000E+00  0.0000E+00
     2     2     1     3        0  0.3784E+01  0.2561E+01  0.0000E+00  0.0000E+00
     2     2     1     4        0  0.3126E+01  0.2835E+01  0.0000E+00  0.0000E+00
     2     2     1     5        0  0.9852E-05  0.2521E-02  0.0000E+00  0.0000E+00
     3     1     1     1        0  0.1264E+03  0.1000E+03  0.0000E+00  0.0000E+00
     3     1     1     2        0  0.7685E+00  0.9993E+02  0.0000E+00  0.0000E+00
     3     1     1     3        0  0.4556E-04  0.4048E+00  0.0000E+00  0.0000E+00
